
==================================================
Data: 2026-09-15 09:12:07.003578
AP encontradas: 1
CP encontradas: 7
TS encontradas: 4
Total registros: 12
Novidades: 0
Status: SUCESSO

==================================================

==================================================
Data: 15/09/2026 09:25:44
AP encontradas: 1
CP encontradas: 7
TS encontradas: 4
Total registros: 12
Novidades: 0
Status: SUCESSO

==================================================
Tempo de execução: 15.32s
Fontes monitoradas:
AP, CP e TS da ANEEL

==================================================
Data: 15/09/2026 09:26:41
AP encontradas: 1
CP encontradas: 7
TS encontradas: 4
Total registros: 12
Novidades: 0
Status: SUCESSO

==================================================
Tempo de execução: 11.96s
Fontes monitoradas:
AP, CP e TS da ANEEL

==================================================
Data: 15/09/2026 09:27:15
AP encontradas: 1
CP encontradas: 7
TS encontradas: 4
Total registros: 12
Novidades: 0
Status: SUCESSO

==================================================
Tempo de execução: 12.49s
Fontes monitoradas:
AP, CP e TS da ANEEL

==================================================
Data: 15/09/2026 09:27:35
AP encontradas: 1
CP encontradas: 7
TS encontradas: 4
Total registros: 12
Novidades: 0
Status: SUCESSO

==================================================
Tempo de execução: 10.55s
Fontes monitoradas:
AP, CP e TS da ANEEL

==================================================
Data: 15/09/2026 09:31:19
AP encontradas: 1
CP encontradas: 7
TS encontradas: 4
Total registros: 12
Novidades: 0
Status: SUCESSO

==================================================
Tempo de execução: 14.21s
Fontes monitoradas:
AP, CP e TS da ANEEL

==================================================
Data: 15/09/2026 09:44:30
AP encontradas: 1
CP encontradas: 7
TS encontradas: 4
Total registros: 12
Novidades: 0
Status: SUCESSO

==================================================
Tempo de execução: 14.87s
Fontes monitoradas:
AP, CP e TS da ANEEL

==================================================
Data: 15/09/2026 09:47:12
AP encontradas: 1
CP encontradas: 7
TS encontradas: 4
Total registros: 12
Novidades: 0
Status: SUCESSO

==================================================
Tempo de execução: 15.07s
Fontes monitoradas:
AP, CP e TS da ANEEL

==================================================
Data: 15/09/2026 09:47:49
AP encontradas: 1
CP encontradas: 7
TS encontradas: 4
Total registros: 12
Novidades: 1
Status: SUCESSO

==================================================
Tempo de execução: 16.52s
Fontes monitoradas:
AP, CP e TS da ANEEL
